Archive member included to satisfy reference by file (symbol)

/home/javier/gcc/bin/../lib/gcc/arm-none-eabi/6.2.1/../../../../arm-none-eabi/lib/thumb/v7e-m/libc_nano.a(lib_a-exit.o)
                              /home/javier/gcc/bin/../lib/gcc/arm-none-eabi/6.2.1/../../../../arm-none-eabi/lib/thumb/v7e-m/crt0.o (exit)
/home/javier/gcc/bin/../lib/gcc/arm-none-eabi/6.2.1/../../../../arm-none-eabi/lib/thumb/v7e-m/libc_nano.a(lib_a-impure.o)
                              /home/javier/gcc/bin/../lib/gcc/arm-none-eabi/6.2.1/../../../../arm-none-eabi/lib/thumb/v7e-m/libc_nano.a(lib_a-exit.o) (_global_impure_ptr)
/home/javier/gcc/bin/../lib/gcc/arm-none-eabi/6.2.1/../../../../arm-none-eabi/lib/thumb/v7e-m/libc_nano.a(lib_a-init.o)
                              /home/javier/gcc/bin/../lib/gcc/arm-none-eabi/6.2.1/../../../../arm-none-eabi/lib/thumb/v7e-m/crt0.o (__libc_init_array)
/home/javier/gcc/bin/../lib/gcc/arm-none-eabi/6.2.1/../../../../arm-none-eabi/lib/thumb/v7e-m/libc_nano.a(lib_a-memset.o)
                              /home/javier/gcc/bin/../lib/gcc/arm-none-eabi/6.2.1/../../../../arm-none-eabi/lib/thumb/v7e-m/crt0.o (memset)
/home/javier/gcc/bin/../lib/gcc/arm-none-eabi/6.2.1/../../../../arm-none-eabi/lib/thumb/v7e-m/libnosys.a(_exit.o)
                              /home/javier/gcc/bin/../lib/gcc/arm-none-eabi/6.2.1/../../../../arm-none-eabi/lib/thumb/v7e-m/libc_nano.a(lib_a-exit.o) (_exit)

Discarded input sections

 .text          0x0000000000000000        0x0 /home/javier/gcc/bin/../lib/gcc/arm-none-eabi/6.2.1/thumb/v7e-m/crti.o
 .data          0x0000000000000000        0x0 /home/javier/gcc/bin/../lib/gcc/arm-none-eabi/6.2.1/thumb/v7e-m/crti.o
 .bss           0x0000000000000000        0x0 /home/javier/gcc/bin/../lib/gcc/arm-none-eabi/6.2.1/thumb/v7e-m/crti.o
 .data          0x0000000000000000        0x4 /home/javier/gcc/bin/../lib/gcc/arm-none-eabi/6.2.1/thumb/v7e-m/crtbegin.o
 .text          0x0000000000000000       0x74 /home/javier/gcc/bin/../lib/gcc/arm-none-eabi/6.2.1/../../../../arm-none-eabi/lib/thumb/v7e-m/crt0.o
 .data          0x0000000000000000        0x0 /home/javier/gcc/bin/../lib/gcc/arm-none-eabi/6.2.1/../../../../arm-none-eabi/lib/thumb/v7e-m/crt0.o
 .bss           0x0000000000000000        0x0 /home/javier/gcc/bin/../lib/gcc/arm-none-eabi/6.2.1/../../../../arm-none-eabi/lib/thumb/v7e-m/crt0.o
 .ARM.extab     0x0000000000000000        0x0 /home/javier/gcc/bin/../lib/gcc/arm-none-eabi/6.2.1/../../../../arm-none-eabi/lib/thumb/v7e-m/crt0.o
 .ARM.exidx     0x0000000000000000        0x8 /home/javier/gcc/bin/../lib/gcc/arm-none-eabi/6.2.1/../../../../arm-none-eabi/lib/thumb/v7e-m/crt0.o
 .ARM.attributes
                0x0000000000000000       0x1c /home/javier/gcc/bin/../lib/gcc/arm-none-eabi/6.2.1/../../../../arm-none-eabi/lib/thumb/v7e-m/crt0.o
 .text          0x0000000000000000        0x0 /tmp/cc0PmdUU.o (symbol from plugin)
 .text          0x0000000000000000        0x0 /tmp/ccqoF4Y9.ltrans0.ltrans.o
 .data          0x0000000000000000        0x0 /tmp/ccqoF4Y9.ltrans0.ltrans.o
 .bss           0x0000000000000000        0x0 /tmp/ccqoF4Y9.ltrans0.ltrans.o
 .text.button_test
                0x0000000000000000       0x48 /tmp/ccqoF4Y9.ltrans0.ltrans.o
 .data          0x0000000000000000        0x0 /tmp/ccxAViZK.o
 .bss           0x0000000000000000        0x0 /tmp/ccxAViZK.o
 .text          0x0000000000000000        0x0 /home/javier/gcc/bin/../lib/gcc/arm-none-eabi/6.2.1/../../../../arm-none-eabi/lib/thumb/v7e-m/libc_nano.a(lib_a-exit.o)
 .data          0x0000000000000000        0x0 /home/javier/gcc/bin/../lib/gcc/arm-none-eabi/6.2.1/../../../../arm-none-eabi/lib/thumb/v7e-m/libc_nano.a(lib_a-exit.o)
 .bss           0x0000000000000000        0x0 /home/javier/gcc/bin/../lib/gcc/arm-none-eabi/6.2.1/../../../../arm-none-eabi/lib/thumb/v7e-m/libc_nano.a(lib_a-exit.o)
 .text.exit     0x0000000000000000       0x28 /home/javier/gcc/bin/../lib/gcc/arm-none-eabi/6.2.1/../../../../arm-none-eabi/lib/thumb/v7e-m/libc_nano.a(lib_a-exit.o)
 .debug_frame   0x0000000000000000       0x28 /home/javier/gcc/bin/../lib/gcc/arm-none-eabi/6.2.1/../../../../arm-none-eabi/lib/thumb/v7e-m/libc_nano.a(lib_a-exit.o)
 .ARM.attributes
                0x0000000000000000       0x2e /home/javier/gcc/bin/../lib/gcc/arm-none-eabi/6.2.1/../../../../arm-none-eabi/lib/thumb/v7e-m/libc_nano.a(lib_a-exit.o)
 .text          0x0000000000000000        0x0 /home/javier/gcc/bin/../lib/gcc/arm-none-eabi/6.2.1/../../../../arm-none-eabi/lib/thumb/v7e-m/libc_nano.a(lib_a-impure.o)
 .data          0x0000000000000000        0x0 /home/javier/gcc/bin/../lib/gcc/arm-none-eabi/6.2.1/../../../../arm-none-eabi/lib/thumb/v7e-m/libc_nano.a(lib_a-impure.o)
 .bss           0x0000000000000000        0x0 /home/javier/gcc/bin/../lib/gcc/arm-none-eabi/6.2.1/../../../../arm-none-eabi/lib/thumb/v7e-m/libc_nano.a(lib_a-impure.o)
 .data._impure_ptr
                0x0000000000000000        0x4 /home/javier/gcc/bin/../lib/gcc/arm-none-eabi/6.2.1/../../../../arm-none-eabi/lib/thumb/v7e-m/libc_nano.a(lib_a-impure.o)
 .data.impure_data
                0x0000000000000000       0x60 /home/javier/gcc/bin/../lib/gcc/arm-none-eabi/6.2.1/../../../../arm-none-eabi/lib/thumb/v7e-m/libc_nano.a(lib_a-impure.o)
 .rodata._global_impure_ptr
                0x0000000000000000        0x4 /home/javier/gcc/bin/../lib/gcc/arm-none-eabi/6.2.1/../../../../arm-none-eabi/lib/thumb/v7e-m/libc_nano.a(lib_a-impure.o)
 .ARM.attributes
                0x0000000000000000       0x2e /home/javier/gcc/bin/../lib/gcc/arm-none-eabi/6.2.1/../../../../arm-none-eabi/lib/thumb/v7e-m/libc_nano.a(lib_a-impure.o)
 .text          0x0000000000000000        0x0 /home/javier/gcc/bin/../lib/gcc/arm-none-eabi/6.2.1/../../../../arm-none-eabi/lib/thumb/v7e-m/libc_nano.a(lib_a-init.o)
 .data          0x0000000000000000        0x0 /home/javier/gcc/bin/../lib/gcc/arm-none-eabi/6.2.1/../../../../arm-none-eabi/lib/thumb/v7e-m/libc_nano.a(lib_a-init.o)
 .bss           0x0000000000000000        0x0 /home/javier/gcc/bin/../lib/gcc/arm-none-eabi/6.2.1/../../../../arm-none-eabi/lib/thumb/v7e-m/libc_nano.a(lib_a-init.o)
 .text.__libc_init_array
                0x0000000000000000       0x48 /home/javier/gcc/bin/../lib/gcc/arm-none-eabi/6.2.1/../../../../arm-none-eabi/lib/thumb/v7e-m/libc_nano.a(lib_a-init.o)
 .debug_frame   0x0000000000000000       0x2c /home/javier/gcc/bin/../lib/gcc/arm-none-eabi/6.2.1/../../../../arm-none-eabi/lib/thumb/v7e-m/libc_nano.a(lib_a-init.o)
 .ARM.attributes
                0x0000000000000000       0x2e /home/javier/gcc/bin/../lib/gcc/arm-none-eabi/6.2.1/../../../../arm-none-eabi/lib/thumb/v7e-m/libc_nano.a(lib_a-init.o)
 .text          0x0000000000000000        0x0 /home/javier/gcc/bin/../lib/gcc/arm-none-eabi/6.2.1/../../../../arm-none-eabi/lib/thumb/v7e-m/libc_nano.a(lib_a-memset.o)
 .data          0x0000000000000000        0x0 /home/javier/gcc/bin/../lib/gcc/arm-none-eabi/6.2.1/../../../../arm-none-eabi/lib/thumb/v7e-m/libc_nano.a(lib_a-memset.o)
 .bss           0x0000000000000000        0x0 /home/javier/gcc/bin/../lib/gcc/arm-none-eabi/6.2.1/../../../../arm-none-eabi/lib/thumb/v7e-m/libc_nano.a(lib_a-memset.o)
 .text.memset   0x0000000000000000       0x10 /home/javier/gcc/bin/../lib/gcc/arm-none-eabi/6.2.1/../../../../arm-none-eabi/lib/thumb/v7e-m/libc_nano.a(lib_a-memset.o)
 .debug_frame   0x0000000000000000       0x20 /home/javier/gcc/bin/../lib/gcc/arm-none-eabi/6.2.1/../../../../arm-none-eabi/lib/thumb/v7e-m/libc_nano.a(lib_a-memset.o)
 .ARM.attributes
                0x0000000000000000       0x2e /home/javier/gcc/bin/../lib/gcc/arm-none-eabi/6.2.1/../../../../arm-none-eabi/lib/thumb/v7e-m/libc_nano.a(lib_a-memset.o)
 .text          0x0000000000000000        0x0 /home/javier/gcc/bin/../lib/gcc/arm-none-eabi/6.2.1/../../../../arm-none-eabi/lib/thumb/v7e-m/libnosys.a(_exit.o)
 .data          0x0000000000000000        0x0 /home/javier/gcc/bin/../lib/gcc/arm-none-eabi/6.2.1/../../../../arm-none-eabi/lib/thumb/v7e-m/libnosys.a(_exit.o)
 .bss           0x0000000000000000        0x0 /home/javier/gcc/bin/../lib/gcc/arm-none-eabi/6.2.1/../../../../arm-none-eabi/lib/thumb/v7e-m/libnosys.a(_exit.o)
 .text._exit    0x0000000000000000        0x4 /home/javier/gcc/bin/../lib/gcc/arm-none-eabi/6.2.1/../../../../arm-none-eabi/lib/thumb/v7e-m/libnosys.a(_exit.o)
 .debug_frame   0x0000000000000000       0x20 /home/javier/gcc/bin/../lib/gcc/arm-none-eabi/6.2.1/../../../../arm-none-eabi/lib/thumb/v7e-m/libnosys.a(_exit.o)
 .ARM.attributes
                0x0000000000000000       0x2e /home/javier/gcc/bin/../lib/gcc/arm-none-eabi/6.2.1/../../../../arm-none-eabi/lib/thumb/v7e-m/libnosys.a(_exit.o)
 .text          0x0000000000000000        0x0 /home/javier/gcc/bin/../lib/gcc/arm-none-eabi/6.2.1/thumb/v7e-m/crtend.o
 .data          0x0000000000000000        0x0 /home/javier/gcc/bin/../lib/gcc/arm-none-eabi/6.2.1/thumb/v7e-m/crtend.o
 .bss           0x0000000000000000        0x0 /home/javier/gcc/bin/../lib/gcc/arm-none-eabi/6.2.1/thumb/v7e-m/crtend.o
 .text          0x0000000000000000        0x0 /home/javier/gcc/bin/../lib/gcc/arm-none-eabi/6.2.1/thumb/v7e-m/crtn.o
 .data          0x0000000000000000        0x0 /home/javier/gcc/bin/../lib/gcc/arm-none-eabi/6.2.1/thumb/v7e-m/crtn.o
 .bss           0x0000000000000000        0x0 /home/javier/gcc/bin/../lib/gcc/arm-none-eabi/6.2.1/thumb/v7e-m/crtn.o

Memory Configuration

Name             Origin             Length             Attributes
FLASH            0x0000000008000000 0x0000000000040000 xr
RAM              0x0000000020000000 0x000000000000c000 xrw
*default*        0x0000000000000000 0xffffffffffffffff

Linker script and memory map

LOAD /home/javier/gcc/bin/../lib/gcc/arm-none-eabi/6.2.1/thumb/v7e-m/crti.o
LOAD /home/javier/gcc/bin/../lib/gcc/arm-none-eabi/6.2.1/thumb/v7e-m/crtbegin.o
LOAD /home/javier/gcc/bin/../lib/gcc/arm-none-eabi/6.2.1/../../../../arm-none-eabi/lib/thumb/v7e-m/crt0.o
LOAD /tmp/cc0PmdUU.o
LOAD /tmp/ccqoF4Y9.ltrans0.ltrans.o
LOAD /tmp/ccxAViZK.o
START GROUP
LOAD /home/javier/gcc/bin/../lib/gcc/arm-none-eabi/6.2.1/thumb/v7e-m/libgcc.a
LOAD /home/javier/gcc/bin/../lib/gcc/arm-none-eabi/6.2.1/../../../../arm-none-eabi/lib/thumb/v7e-m/libc_nano.a
END GROUP
START GROUP
LOAD /home/javier/gcc/bin/../lib/gcc/arm-none-eabi/6.2.1/thumb/v7e-m/libgcc.a
LOAD /home/javier/gcc/bin/../lib/gcc/arm-none-eabi/6.2.1/../../../../arm-none-eabi/lib/thumb/v7e-m/libc_nano.a
LOAD /home/javier/gcc/bin/../lib/gcc/arm-none-eabi/6.2.1/../../../../arm-none-eabi/lib/thumb/v7e-m/libnosys.a
END GROUP
START GROUP
LOAD /home/javier/gcc/bin/../lib/gcc/arm-none-eabi/6.2.1/thumb/v7e-m/libgcc.a
LOAD /home/javier/gcc/bin/../lib/gcc/arm-none-eabi/6.2.1/../../../../arm-none-eabi/lib/thumb/v7e-m/libc_nano.a
LOAD /home/javier/gcc/bin/../lib/gcc/arm-none-eabi/6.2.1/../../../../arm-none-eabi/lib/thumb/v7e-m/libnosys.a
END GROUP
LOAD /home/javier/gcc/bin/../lib/gcc/arm-none-eabi/6.2.1/thumb/v7e-m/crtend.o
LOAD /home/javier/gcc/bin/../lib/gcc/arm-none-eabi/6.2.1/thumb/v7e-m/crtn.o

.text           0x0000000008000000      0x184
 *(.isr_vector)
 .isr_vector    0x0000000008000000       0x44 /tmp/ccxAViZK.o
                0x0000000008000000                __isr_vector
 *(.text*)
 .text          0x0000000008000044       0x6c /home/javier/gcc/bin/../lib/gcc/arm-none-eabi/6.2.1/thumb/v7e-m/crtbegin.o
 .text.led_flash
                0x00000000080000b0       0x64 /tmp/ccqoF4Y9.ltrans0.ltrans.o
 .text.main     0x0000000008000114        0xa /tmp/ccqoF4Y9.ltrans0.ltrans.o
                0x0000000008000114                main
 *fill*         0x000000000800011e        0x2 
 .text          0x0000000008000120       0x48 /tmp/ccxAViZK.o
                0x0000000008000120                Reset_Handler
                0x0000000008000164                DebugMon_Handler
                0x0000000008000164                HardFault_Handler
                0x0000000008000164                SysTick_Handler
                0x0000000008000164                PendSV_Handler
                0x0000000008000164                NMI_Handler
                0x0000000008000164                UsageFault_Handler
                0x0000000008000164                Default_Handler
                0x0000000008000164                MemManage_Handler
                0x0000000008000164                SVC_Handler
                0x0000000008000164                DEF_IRQHandler
                0x0000000008000164                BusFault_Handler
 *(.init)
 .init          0x0000000008000168        0x4 /home/javier/gcc/bin/../lib/gcc/arm-none-eabi/6.2.1/thumb/v7e-m/crti.o
                0x0000000008000168                _init
 .init          0x000000000800016c        0x8 /home/javier/gcc/bin/../lib/gcc/arm-none-eabi/6.2.1/thumb/v7e-m/crtn.o
 *(.fini)
 .fini          0x0000000008000174        0x4 /home/javier/gcc/bin/../lib/gcc/arm-none-eabi/6.2.1/thumb/v7e-m/crti.o
                0x0000000008000174                _fini
 .fini          0x0000000008000178        0x8 /home/javier/gcc/bin/../lib/gcc/arm-none-eabi/6.2.1/thumb/v7e-m/crtn.o
 *crtbegin.o(.ctors)
 *crtbegin?.o(.ctors)
 *(EXCLUDE_FILE(*crtend.o *crtend?.o) .ctors)
 *(SORT(.ctors.*))
 *(.ctors)
 *crtbegin.o(.dtors)
 *crtbegin?.o(.dtors)
 *(EXCLUDE_FILE(*crtend.o *crtend?.o) .dtors)
 *(SORT(.dtors.*))
 *(.dtors)
 *(.rodata*)
 *(.eh_frame*)
 .eh_frame      0x0000000008000180        0x0 /home/javier/gcc/bin/../lib/gcc/arm-none-eabi/6.2.1/thumb/v7e-m/crtbegin.o
 .eh_frame      0x0000000008000180        0x4 /home/javier/gcc/bin/../lib/gcc/arm-none-eabi/6.2.1/thumb/v7e-m/crtend.o

.glue_7         0x0000000008000184        0x0
 .glue_7        0x0000000008000184        0x0 linker stubs

.glue_7t        0x0000000008000184        0x0
 .glue_7t       0x0000000008000184        0x0 linker stubs

.vfp11_veneer   0x0000000008000184        0x0
 .vfp11_veneer  0x0000000008000184        0x0 linker stubs

.v4_bx          0x0000000008000184        0x0
 .v4_bx         0x0000000008000184        0x0 linker stubs

.iplt           0x0000000008000184        0x0
 .iplt          0x0000000008000184        0x0 /home/javier/gcc/bin/../lib/gcc/arm-none-eabi/6.2.1/thumb/v7e-m/crtbegin.o

.rel.dyn        0x0000000008000184        0x0
 .rel.iplt      0x0000000008000184        0x0 /home/javier/gcc/bin/../lib/gcc/arm-none-eabi/6.2.1/thumb/v7e-m/crtbegin.o

.ARM.extab
 *(.ARM.extab* .gnu.linkonce.armextab.*)
                0x0000000008000184                __exidx_start = .

.ARM.exidx
 *(.ARM.exidx* .gnu.linkonce.armexidx.*)
                0x0000000008000184                __exidx_end = .
                0x0000000008000184                __etext = ALIGN (0x4)

.data           0x0000000020000000        0xc load address 0x0000000008000184
                0x0000000020000000                __data_start__ = .
 *(vtable)
 *(.data*)
                0x0000000020000000                . = ALIGN (0x4)
                0x0000000020000000                PROVIDE (__preinit_array_start, .)
 *(.preinit_array)
                0x0000000020000000                PROVIDE (__preinit_array_end, .)
                0x0000000020000000                . = ALIGN (0x4)
                0x0000000020000000                PROVIDE (__init_array_start, .)
 *(SORT(.init_array.*))
 *(.init_array)
 .init_array    0x0000000020000000        0x4 /home/javier/gcc/bin/../lib/gcc/arm-none-eabi/6.2.1/thumb/v7e-m/crtbegin.o
                0x0000000020000004                PROVIDE (__init_array_end, .)
                0x0000000020000004                . = ALIGN (0x4)
                [!provide]                        PROVIDE (__fini_array_start, .)
 *(SORT(.fini_array.*))
 *(.fini_array)
 .fini_array    0x0000000020000004        0x4 /home/javier/gcc/bin/../lib/gcc/arm-none-eabi/6.2.1/thumb/v7e-m/crtbegin.o
                [!provide]                        PROVIDE (__fini_array_end, .)
 *(.jcr*)
 .jcr           0x0000000020000008        0x0 /home/javier/gcc/bin/../lib/gcc/arm-none-eabi/6.2.1/thumb/v7e-m/crtbegin.o
 .jcr           0x0000000020000008        0x4 /home/javier/gcc/bin/../lib/gcc/arm-none-eabi/6.2.1/thumb/v7e-m/crtend.o
                0x000000002000000c                . = ALIGN (0x4)
                0x000000002000000c                __data_end__ = .

.igot.plt       0x000000002000000c        0x0 load address 0x0000000008000190
 .igot.plt      0x000000002000000c        0x0 /home/javier/gcc/bin/../lib/gcc/arm-none-eabi/6.2.1/thumb/v7e-m/crtbegin.o

.bss            0x000000002000000c       0x1c load address 0x0000000008000190
                0x000000002000000c                . = ALIGN (0x4)
                0x000000002000000c                __bss_start__ = .
 *(.bss*)
 .bss           0x000000002000000c       0x1c /home/javier/gcc/bin/../lib/gcc/arm-none-eabi/6.2.1/thumb/v7e-m/crtbegin.o
 *(COMMON)
                0x0000000020000028                . = ALIGN (0x4)
                0x0000000020000028                __bss_end__ = .

.heap           0x0000000020000028        0x0
                0x0000000020000028                __end__ = .
                [!provide]                        PROVIDE (end, .)
 *(.heap*)
 .heap          0x0000000020000028        0x0 /tmp/ccxAViZK.o
                0x0000000020000028                __HeapLimit = .

.stack_dummy    0x0000000020000028      0xc00
 *(.stack*)
 .stack         0x0000000020000028      0xc00 /tmp/ccxAViZK.o
                0x000000002000c000                __StackTop = (ORIGIN (RAM) + LENGTH (RAM))
                0x000000002000b400                __StackLimit = (__StackTop - SIZEOF (.stack_dummy))
                0x000000002000c000                PROVIDE (__stack, __StackTop)
                0x0000000000000001                ASSERT ((__StackLimit >= __HeapLimit), region RAM overflowed with stack)
OUTPUT(minimum-CM4.axf elf32-littlearm)

.ARM.attributes
                0x0000000000000000       0x2a
 .ARM.attributes
                0x0000000000000000       0x1e /home/javier/gcc/bin/../lib/gcc/arm-none-eabi/6.2.1/thumb/v7e-m/crti.o
 .ARM.attributes
                0x000000000000001e       0x2e /home/javier/gcc/bin/../lib/gcc/arm-none-eabi/6.2.1/thumb/v7e-m/crtbegin.o
 .ARM.attributes
                0x000000000000004c       0x31 /tmp/ccqoF4Y9.ltrans0.ltrans.o
 .ARM.attributes
                0x000000000000007d       0x1c /tmp/ccxAViZK.o
 .ARM.attributes
                0x0000000000000099       0x2e /home/javier/gcc/bin/../lib/gcc/arm-none-eabi/6.2.1/thumb/v7e-m/crtend.o
 .ARM.attributes
                0x00000000000000c7       0x1e /home/javier/gcc/bin/../lib/gcc/arm-none-eabi/6.2.1/thumb/v7e-m/crtn.o

.comment        0x0000000000000000       0x6e
 .comment       0x0000000000000000       0x6e /tmp/ccqoF4Y9.ltrans0.ltrans.o
                                         0x6f (size before relaxing)
